Launching lib\main.dart on Chrome in debug mode...
Waiting for connection from debug service on Chrome...             73,8s
This app is linked to the debug service: ws://127.0.0.1:58823/W4mReoTjqJ0=/ws
Debug service listening on ws://127.0.0.1:58823/W4mReoTjqJ0=/ws

Flutter run key commands.
r Hot reload. 
R Hot restart.
h List all available interactive commands.
d Detach (terminate "flutter run" but leave application running).
c Clear the screen
q Quit (terminate the application on the device).

A Dart VM Service on Chrome is available at: http://127.0.0.1:58823/W4mReoTjqJ0=
Starting application from main method in: org-dartlang-app:/web_entrypoint.dart.
supabase.supabase_flutter: INFO: ***** Supabase init completed ***** 
The Flutter DevTools debugger and profiler on Chrome is available at: http://127.0.0.1:9104?uri=http://127.0.0.1:58823/W4mReoTjqJ0=
